
> @mssfoobar/dispatch-web@1.0.0 build C:\Users\JarylOng\Desktop\fleet-dispatch-console\apps\dispatch-web
> vite build

The following Vite config options will be overridden by SvelteKit:
  - build.outDir
vite v8.0.7 building ssr environment for production...
[2Ktransforming...✓ 801 modules transformed.
rendering chunks...
The following Vite config options will be overridden by SvelteKit:
  - build.outDir
vite v8.0.7 building client environment for production...
[2Ktransforming...✓ 758 modules transformed.
rendering chunks...
computing gzip size...
.svelte-kit/output/client/_app/version.json                                                      0.02 kB │ gzip:  0.04 kB
.svelte-kit/output/client/.vite/manifest.json                                                    6.39 kB │ gzip:  0.85 kB
.svelte-kit/output/client/_app/immutable/assets/geist-cyrillic-ext-wght-normal.DjL33-gN.woff2    7.42 kB
.svelte-kit/output/client/_app/immutable/assets/geist-vietnamese-wght-normal.6IgcOCM7.woff2      8.00 kB
.svelte-kit/output/client/_app/immutable/assets/geist-cyrillic-wght-normal.CHSlOQsW.woff2       14.69 kB
.svelte-kit/output/client/_app/immutable/assets/geist-cyrillic-wght-normal.BEAKL7Jp.woff2       15.08 kB
.svelte-kit/output/client/_app/immutable/assets/geist-latin-ext-wght-normal.DMtmJ5ZE.woff2      15.30 kB
.svelte-kit/output/client/_app/immutable/assets/geist-latin-ext-wght-normal.DC-KSUi6.woff2      16.51 kB
.svelte-kit/output/client/_app/immutable/assets/geist-latin-wght-normal.Dm3htQBi.woff2          28.40 kB
.svelte-kit/output/client/_app/immutable/assets/geist-latin-wght-normal.BgDaEnEv.woff2          29.40 kB
.svelte-kit/output/client/_app/immutable/assets/0.BcuH0CFE.css                                 117.06 kB │ gzip: 19.57 kB
.svelte-kit/output/client/_app/immutable/chunks/bPxUqv-x.js                                      0.02 kB │ gzip:  0.04 kB
.svelte-kit/output/client/_app/immutable/chunks/DXLwiZ0H.js                                      0.06 kB │ gzip:  0.08 kB
.svelte-kit/output/client/_app/immutable/entry/start.Bw-Dogvn.js                                 0.08 kB │ gzip:  0.09 kB
.svelte-kit/output/client/_app/immutable/nodes/0.g6BjlVpP.js                                     0.80 kB │ gzip:  0.47 kB
.svelte-kit/output/client/_app/immutable/chunks/BcgnSMxp.js                                      1.20 kB │ gzip:  0.68 kB
.svelte-kit/output/client/_app/immutable/entry/app.VtBBPQUo.js                                   2.76 kB │ gzip:  1.27 kB
.svelte-kit/output/client/_app/immutable/nodes/2.DJ8vTcRj.js                                    13.08 kB │ gzip:  4.28 kB
.svelte-kit/output/client/_app/immutable/nodes/1.DCAT6kzf.js                                    22.34 kB │ gzip:  8.02 kB
.svelte-kit/output/client/_app/immutable/chunks/BfeUb_mN.js                                     33.82 kB │ gzip: 12.85 kB
.svelte-kit/output/client/_app/immutable/chunks/BDoSZdhL.js                                     51.42 kB │ gzip: 19.63 kB
.svelte-kit/output/client/_app/immutable/chunks/ikUgbBKq.js                                     77.26 kB │ gzip: 24.88 kB

✓ built in 1.72s
computing gzip size...
.svelte-kit/output/server/_app/immutable/assets/geist-cyrillic-ext-wght-normal.DjL33-gN.woff2    7.42 kB
.svelte-kit/output/server/_app/immutable/assets/geist-vietnamese-wght-normal.6IgcOCM7.woff2      8.00 kB
.svelte-kit/output/server/.vite/manifest.json                                                    8.67 kB │ gzip:  1.06 kB
.svelte-kit/output/server/_app/immutable/assets/geist-cyrillic-wght-normal.CHSlOQsW.woff2       14.69 kB
.svelte-kit/output/server/_app/immutable/assets/geist-cyrillic-wght-normal.BEAKL7Jp.woff2       15.08 kB
.svelte-kit/output/server/_app/immutable/assets/geist-latin-ext-wght-normal.DMtmJ5ZE.woff2      15.30 kB
.svelte-kit/output/server/_app/immutable/assets/geist-latin-ext-wght-normal.DC-KSUi6.woff2      16.51 kB
.svelte-kit/output/server/_app/immutable/assets/geist-latin-wght-normal.Dm3htQBi.woff2          28.40 kB
.svelte-kit/output/server/_app/immutable/assets/geist-latin-wght-normal.BgDaEnEv.woff2          29.40 kB
.svelte-kit/output/server/_app/immutable/assets/_layout.DLXOsnBP.css                           116.46 kB │ gzip: 19.54 kB
.svelte-kit/output/server/chunks/index-server2.js                                                0.03 kB │ gzip:  0.05 kB
.svelte-kit/output/server/entries/endpoints/readyz/_server.ts.js                                 0.16 kB │ gzip:  0.15 kB
.svelte-kit/output/server/instrumentation.server.js                                              0.19 kB │ gzip:  0.15 kB
.svelte-kit/output/server/entries/endpoints/livez/_server.ts.js                                  0.36 kB │ gzip:  0.27 kB
.svelte-kit/output/server/internal.js                                                            0.45 kB │ gzip:  0.21 kB
.svelte-kit/output/server/entries/pages/_layout.server.ts.js                                     0.73 kB │ gzip:  0.47 kB
.svelte-kit/output/server/entries/pages/_layout.svelte.js                                        0.76 kB │ gzip:  0.34 kB
.svelte-kit/output/server/chunks/shared-server.js                                                0.78 kB │ gzip:  0.36 kB
.svelte-kit/output/server/chunks/environment.js                                                  0.93 kB │ gzip:  0.46 kB
.svelte-kit/output/server/entries/hooks.server.js                                                4.03 kB │ gzip:  1.82 kB
.svelte-kit/output/server/chunks/internal.js                                                     7.60 kB │ gzip:  2.87 kB
.svelte-kit/output/server/chunks/exports.js                                                     11.82 kB │ gzip:  3.57 kB
.svelte-kit/output/server/chunks/legacy-client.js                                               16.56 kB │ gzip:  4.96 kB
.svelte-kit/output/server/entries/pages/units/_page.svelte.js                                   26.65 kB │ gzip:  5.69 kB
.svelte-kit/output/server/chunks/shared.js                                                      29.26 kB │ gzip:  7.94 kB
.svelte-kit/output/server/chunks/utils.js                                                       29.29 kB │ gzip:  8.42 kB
.svelte-kit/output/server/remote-entry.js                                                       35.75 kB │ gzip:  8.04 kB
.svelte-kit/output/server/chunks/index-server.js                                                67.00 kB │ gzip: 18.06 kB
.svelte-kit/output/server/chunks/utils2.js                                                      84.08 kB │ gzip: 21.47 kB
.svelte-kit/output/server/entries/pages/_error.svelte.js                                        86.79 kB │ gzip: 23.08 kB
.svelte-kit/output/server/chunks/create-id.js                                                  114.82 kB │ gzip: 25.95 kB
.svelte-kit/output/server/index.js                                                             131.24 kB │ gzip: 33.56 kB

[33m[PLUGIN_TIMINGS] Warning:[0m Your build spent significant time in plugins. Here is a breakdown:
  - vite-plugin-sveltekit-guard (81%)
  - vite-plugin-svelte:compile (7%)
  - vite-plugin-sveltekit-virtual-modules (4%)
  - vite-plugin-svelte:preprocess (4%)
See https://rolldown.rs/options/checks#plugintimings for more details.

✓ built in 6.85s

Run npm run preview to preview your production build locally.

> Using @sveltejs/adapter-node
  ✔ done
